INFO:root:Test finish with avg_rewards: -0.09405940594059406, win_rate: 0.37623762376237624,                  black_jack_rate:0.0297029702970297, draw_rate:0.06930693069306931, loss_rate:0.5247524752475248
DEBUG:root:Dealer's hand: [4, 6, 10]
DEBUG:root:Player's hand 0, [10, 1]
DEBUG:root:Final rewards:[1.5]
DEBUG:root:[[]]
DEBUG:root:[1.5]
DEBUG:root:Dealer's hand: [4, 8, 7]
DEBUG:root:Player's hand 0, [2, 9, 7]
DEBUG:root:Final rewards:[-2.0]
DEBUG:root:[[(BaseState(player_sum=11, dealer_card=8, usible_ace=False, splitable=False, can_double=True), <Action.Double: 2>)]]
DEBUG:root:[-2.0]
DEBUG:root:Dealer's hand: [6, 6, 9]
DEBUG:root:Player's hand 0, [7, 2, 9]
DEBUG:root:Final rewards:[-2.0]
DEBUG:root:[[(BaseState(player_sum=9, dealer_card=6, usible_ace=False, splitable=False, can_double=True), <Action.Double: 2>)]]
DEBUG:root:[-2.0]
DEBUG:root:Dealer's hand: [1, 8]
DEBUG:root:Player's hand 0, [3, 3, 10]
DEBUG:root:Final rewards:[-1.0]
DEBUG:root:[[(BaseState(player_sum=6, dealer_card=8, usible_ace=False, splitable=True, can_double=True), <Action.Hit: 1>), (BaseState(player_sum=16, dealer_card=8, usible_ace=False, splitable=False, can_double=False), <Action.Stand: 0>)]]
DEBUG:root:[-1.0]
DEBUG:root:Dealer's hand: [5, 4, 8]
DEBUG:root:Player's hand 0, [8, 7]
DEBUG:root:Final rewards:[-1.0]
DEBUG:root:[[(BaseState(player_sum=15, dealer_card=4, usible_ace=False, splitable=False, can_double=True), <Action.Stand: 0>)]]
DEBUG:root:[-1.0]
DEBUG:root:Dealer's hand: [7, 10]
DEBUG:root:Player's hand 0, [7, 9]
DEBUG:root:Final rewards:[-1.0]
DEBUG:root:[[(BaseState(player_sum=16, dealer_card=10, usible_ace=False, splitable=False, can_double=True), <Action.Stand: 0>)]]
DEBUG:root:[-1.0]
DEBUG:root:Dealer's hand: [8, 10]
DEBUG:root:Player's hand 0, [2, 10, 10]
DEBUG:root:Final rewards:[-1.0]
DEBUG:root:[[(BaseState(player_sum=12, dealer_card=10, usible_ace=False, splitable=False, can_double=True), <Action.Hit: 1>)]]
DEBUG:root:[-1.0]
DEBUG:root:Dealer's hand: [1, 5, 10, 6]
DEBUG:root:Player's hand 0, [5, 7, 10]
DEBUG:root:Player's hand 1, [5, 2]
DEBUG:root:Final rewards:[-1.0, 1.0]
DEBUG:root:[[(BaseState(player_sum=10, dealer_card=5, usible_ace=False, splitable=True, can_double=True), <Action.Split: 3>), (BaseState(player_sum=12, dealer_card=5, usible_ace=False, splitable=False, can_double=True), <Action.Hit: 1>)], [(BaseState(player_sum=10, dealer_card=5, usible_ace=False, splitable=True, can_double=True), <Action.Split: 3>), (BaseState(player_sum=7, dealer_card=5, usible_ace=False, splitable=False, can_double=True), <Action.Stand: 0>)]]
DEBUG:root:[-1.0, 1.0]
DEBUG:root:Dealer's hand: [6, 2, 8, 10]
DEBUG:root:Player's hand 0, [9, 4, 3]
DEBUG:root:Final rewards:[1.0]
DEBUG:root:[[(BaseState(player_sum=13, dealer_card=2, usible_ace=False, splitable=False, can_double=True), <Action.Hit: 1>), (BaseState(player_sum=16, dealer_card=2, usible_ace=False, splitable=False, can_double=False), <Action.Stand: 0>)]]
DEBUG:root:[1.0]
DEBUG:root:Deck is empty, refill cards
DEBUG:root:Dealer's hand: [3, 10, 8]
DEBUG:root:Player's hand 0, [9, 3, 10]
DEBUG:root:Final rewards:[-1.0]
DEBUG:root:[[(BaseState(player_sum=12, dealer_card=10, usible_ace=False, splitable=False, can_double=True), <Action.Hit: 1>)]]
DEBUG:root:[-1.0]
DEBUG:root:Dealer's hand: [1, 8]
DEBUG:root:Player's hand 0, [4, 3, 10]
DEBUG:root:Final rewards:[-1.0]
DEBUG:root:[[(BaseState(player_sum=7, dealer_card=8, usible_ace=False, splitable=False, can_double=True), <Action.Hit: 1>), (BaseState(player_sum=17, dealer_card=8, usible_ace=False, splitable=False, can_double=False), <Action.Stand: 0>)]]
DEBUG:root:[-1.0]
DEBUG:root:Dealer's hand: [4, 3, 10]
DEBUG:root:Player's hand 0, [3, 2, 4]
DEBUG:root:Final rewards:[-1.0]
DEBUG:root:[[(BaseState(player_sum=5, dealer_card=3, usible_ace=False, splitable=False, can_double=True), <Action.Hit: 1>), (BaseState(player_sum=9, dealer_card=3, usible_ace=False, splitable=False, can_double=False), <Action.Stand: 0>)]]
DEBUG:root:[-1.0]
DEBUG:root:Dealer's hand: [2, 3, 3, 2, 10]
DEBUG:root:Player's hand 0, [2, 7, 8]
DEBUG:root:Final rewards:[-1.0]
DEBUG:root:[[(BaseState(player_sum=9, dealer_card=3, usible_ace=False, splitable=False, can_double=True), <Action.Hit: 1>), (BaseState(player_sum=17, dealer_card=3, usible_ace=False, splitable=False, can_double=False), <Action.Stand: 0>)]]
DEBUG:root:[-1.0]
DEBUG:root:Dealer's hand: [6, 5, 5, 10]
DEBUG:root:Player's hand 0, [1, 10]
DEBUG:root:Final rewards:[1.5]
DEBUG:root:[[]]
DEBUG:root:[1.5]
DEBUG:root:Dealer's hand: [9, 7, 1]
DEBUG:root:Player's hand 0, [9, 5]
DEBUG:root:Final rewards:[-1.0]
DEBUG:root:[[(BaseState(player_sum=14, dealer_card=7, usible_ace=False, splitable=False, can_double=True), <Action.Stand: 0>)]]
DEBUG:root:[-1.0]
DEBUG:root:Dealer's hand: [10, 9]
DEBUG:root:Player's hand 0, [4, 7, 10]
DEBUG:root:Final rewards:[2.0]
DEBUG:root:[[(BaseState(player_sum=11, dealer_card=9, usible_ace=False, splitable=False, can_double=True), <Action.Double: 2>)]]
DEBUG:root:[2.0]
DEBUG:root:Dealer's hand: [8, 8, 1]
DEBUG:root:Player's hand 0, [6, 6, 2, 10]
DEBUG:root:Final rewards:[-1.0]
DEBUG:root:[[(BaseState(player_sum=12, dealer_card=8, usible_ace=False, splitable=True, can_double=True), <Action.Hit: 1>), (BaseState(player_sum=14, dealer_card=8, usible_ace=False, splitable=False, can_double=False), <Action.Hit: 1>)]]
DEBUG:root:[-1.0]
DEBUG:root:Dealer's hand: [1, 9]
DEBUG:root:Player's hand 0, [6, 7, 10]
DEBUG:root:Final rewards:[-1.0]
DEBUG:root:[[(BaseState(player_sum=13, dealer_card=9, usible_ace=False, splitable=False, can_double=True), <Action.Hit: 1>)]]
DEBUG:root:[-1.0]
DEBUG:root:Dealer's hand: [8, 5, 10]
DEBUG:root:Player's hand 0, [4, 5, 10]
DEBUG:root:Final rewards:[2.0]
DEBUG:root:[[(BaseState(player_sum=9, dealer_card=5, usible_ace=False, splitable=False, can_double=True), <Action.Double: 2>)]]
DEBUG:root:[2.0]
DEBUG:root:Deck is empty, refill cards
DEBUG:root:Dealer's hand: [10, 6, 5]
DEBUG:root:Player's hand 0, [2, 1, 4]
DEBUG:root:Final rewards:[-2.0]
DEBUG:root:[[(BaseState(player_sum=13, dealer_card=6, usible_ace=True, splitable=False, can_double=True), <Action.Double: 2>)]]
DEBUG:root:[-2.0]
DEBUG:root:Dealer's hand: [9, 2, 1, 3, 10]
DEBUG:root:Player's hand 0, [10, 5]
DEBUG:root:Final rewards:[1.0]
DEBUG:root:[[(BaseState(player_sum=15, dealer_card=2, usible_ace=False, splitable=False, can_double=True), <Action.Stand: 0>)]]
DEBUG:root:[1.0]
DEBUG:root:Dealer's hand: [5, 3, 3, 6]
DEBUG:root:Player's hand 0, [4, 1, 7]
DEBUG:root:Final rewards:[-2.0]
DEBUG:root:[[(BaseState(player_sum=15, dealer_card=3, usible_ace=True, splitable=False, can_double=True), <Action.Double: 2>)]]
DEBUG:root:[-2.0]
DEBUG:root:Dealer's hand: [7, 6, 9]
DEBUG:root:Player's hand 0, [4, 9]
DEBUG:root:Final rewards:[1.0]
DEBUG:root:[[(BaseState(player_sum=13, dealer_card=6, usible_ace=False, splitable=False, can_double=True), <Action.Stand: 0>)]]
DEBUG:root:[1.0]
DEBUG:root:Dealer's hand: [8, 2, 5, 6]
DEBUG:root:Player's hand 0, [4, 2, 10]
DEBUG:root:Final rewards:[-1.0]
DEBUG:root:[[(BaseState(player_sum=6, dealer_card=2, usible_ace=False, splitable=False, can_double=True), <Action.Hit: 1>), (BaseState(player_sum=16, dealer_card=2, usible_ace=False, splitable=False, can_double=False), <Action.Stand: 0>)]]
DEBUG:root:[-1.0]
DEBUG:root:Dealer's hand: [1, 10]
DEBUG:root:Player's hand 0, [10, 9]
DEBUG:root:Final rewards:[-1.0]
DEBUG:root:[[(BaseState(player_sum=19, dealer_card=10, usible_ace=False, splitable=False, can_double=True), <Action.Stand: 0>)]]
DEBUG:root:[-1.0]
DEBUG:root:Dealer's hand: [6, 4, 3, 2, 3]
DEBUG:root:Player's hand 0, [7, 2, 1]
DEBUG:root:Final rewards:[2.0]
DEBUG:root:[[(BaseState(player_sum=9, dealer_card=4, usible_ace=False, splitable=False, can_double=True), <Action.Double: 2>)]]
DEBUG:root:[2.0]
DEBUG:root:Dealer's hand: [7, 6, 10]
DEBUG:root:Player's hand 0, [7, 9]
DEBUG:root:Final rewards:[1.0]
DEBUG:root:[[(BaseState(player_sum=16, dealer_card=6, usible_ace=False, splitable=False, can_double=True), <Action.Stand: 0>)]]
DEBUG:root:[1.0]
DEBUG:root:Dealer's hand: [8, 3, 3, 7]
DEBUG:root:Player's hand 0, [3, 1]
DEBUG:root:Final rewards:[-1.0]
DEBUG:root:[[(BaseState(player_sum=14, dealer_card=3, usible_ace=True, splitable=False, can_double=True), <Action.Stand: 0>)]]
DEBUG:root:[-1.0]
DEBUG:root:Dealer's hand: [8, 3, 10]
DEBUG:root:Player's hand 0, [10, 8]
DEBUG:root:Final rewards:[-1.0]
DEBUG:root:[[(BaseState(player_sum=18, dealer_card=3, usible_ace=False, splitable=False, can_double=True), <Action.Stand: 0>)]]
DEBUG:root:[-1.0]
DEBUG:root:Deck is empty, refill cards
DEBUG:root:Dealer's hand: [10, 1]
DEBUG:root:Player's hand 0, [5, 2, 5]
DEBUG:root:Final rewards:[-1.0]
DEBUG:root:[[(BaseState(player_sum=7, dealer_card=11, usible_ace=False, splitable=False, can_double=True), <Action.Hit: 1>), (BaseState(player_sum=12, dealer_card=11, usible_ace=False, splitable=False, can_double=False), <Action.Stand: 0>)]]
DEBUG:root:[-1.0]
DEBUG:root:Dealer's hand: [6, 5, 2, 1, 8]
DEBUG:root:Player's hand 0, [3, 7, 10]
DEBUG:root:Final rewards:[2.0]
DEBUG:root:[[(BaseState(player_sum=10, dealer_card=5, usible_ace=False, splitable=False, can_double=True), <Action.Double: 2>)]]
DEBUG:root:[2.0]
DEBUG:root:Dealer's hand: [8, 9]
DEBUG:root:Player's hand 0, [4, 8, 6]
DEBUG:root:Final rewards:[1.0]
DEBUG:root:[[(BaseState(player_sum=12, dealer_card=9, usible_ace=False, splitable=False, can_double=True), <Action.Hit: 1>), (BaseState(player_sum=18, dealer_card=9, usible_ace=False, splitable=False, can_double=False), <Action.Stand: 0>)]]
DEBUG:root:[1.0]
DEBUG:root:Dealer's hand: [8, 10]
DEBUG:root:Player's hand 0, [8, 9]
DEBUG:root:Final rewards:[-1.0]
DEBUG:root:[[(BaseState(player_sum=17, dealer_card=10, usible_ace=False, splitable=False, can_double=True), <Action.Stand: 0>)]]
DEBUG:root:[-1.0]
DEBUG:root:Dealer's hand: [2, 7, 2, 10]
DEBUG:root:Player's hand 0, [9, 6]
DEBUG:root:Final rewards:[-1.0]
DEBUG:root:[[(BaseState(player_sum=15, dealer_card=7, usible_ace=False, splitable=False, can_double=True), <Action.Stand: 0>)]]
DEBUG:root:[-1.0]
DEBUG:root:Dealer's hand: [2, 4, 10, 10]
DEBUG:root:Player's hand 0, [4, 6, 8]
DEBUG:root:Final rewards:[2.0]
DEBUG:root:[[(BaseState(player_sum=10, dealer_card=4, usible_ace=False, splitable=False, can_double=True), <Action.Double: 2>)]]
DEBUG:root:[2.0]
DEBUG:root:Dealer's hand: [9, 4, 8]
DEBUG:root:Player's hand 0, [3, 1, 10]
DEBUG:root:Final rewards:[-1.0]
DEBUG:root:[[(BaseState(player_sum=14, dealer_card=4, usible_ace=True, splitable=False, can_double=True), <Action.Hit: 1>), (BaseState(player_sum=14, dealer_card=4, usible_ace=False, splitable=False, can_double=False), <Action.Stand: 0>)]]
DEBUG:root:[-1.0]
DEBUG:root:Dealer's hand: [3, 6, 2, 10]
DEBUG:root:Player's hand 0, [10, 7]
DEBUG:root:Final rewards:[-1.0]
DEBUG:root:[[(BaseState(player_sum=17, dealer_card=6, usible_ace=False, splitable=False, can_double=True), <Action.Stand: 0>)]]
DEBUG:root:[-1.0]
DEBUG:root:Dealer's hand: [5, 5, 6, 1]
DEBUG:root:Player's hand 0, [3, 7, 2]
DEBUG:root:Final rewards:[-2.0]
DEBUG:root:[[(BaseState(player_sum=10, dealer_card=5, usible_ace=False, splitable=False, can_double=True), <Action.Double: 2>)]]
DEBUG:root:[-2.0]
DEBUG:root:Dealer's hand: [5, 2, 2, 10]
DEBUG:root:Player's hand 0, [10, 1]
DEBUG:root:Final rewards:[1.5]
DEBUG:root:[[]]
DEBUG:root:[1.5]
DEBUG:root:Deck is empty, refill cards
DEBUG:root:Dealer's hand: [7, 2, 2, 6]
DEBUG:root:Player's hand 0, [1, 10]
DEBUG:root:Final rewards:[1.5]
DEBUG:root:[[]]
DEBUG:root:[1.5]
DEBUG:root:Dealer's hand: [3, 4, 7, 3]
DEBUG:root:Player's hand 0, [3, 5, 8]
DEBUG:root:Final rewards:[-1.0]
DEBUG:root:[[(BaseState(player_sum=8, dealer_card=4, usible_ace=False, splitable=False, can_double=True), <Action.Hit: 1>), (BaseState(player_sum=16, dealer_card=4, usible_ace=False, splitable=False, can_double=False), <Action.Stand: 0>)]]
DEBUG:root:[-1.0]
DEBUG:root:Dealer's hand: [5, 3, 10]
DEBUG:root:Player's hand 0, [9, 5]
DEBUG:root:Final rewards:[-1.0]
DEBUG:root:[[(BaseState(player_sum=14, dealer_card=3, usible_ace=False, splitable=False, can_double=True), <Action.Stand: 0>)]]
DEBUG:root:[-1.0]
DEBUG:root:Dealer's hand: [8, 4, 8]
DEBUG:root:Player's hand 0, [8, 2, 8]
DEBUG:root:Final rewards:[-2.0]
DEBUG:root:[[(BaseState(player_sum=10, dealer_card=4, usible_ace=False, splitable=False, can_double=True), <Action.Double: 2>)]]
DEBUG:root:[-2.0]
DEBUG:root:Dealer's hand: [4, 1, 10, 10]
DEBUG:root:Player's hand 0, [8, 4, 1, 10]
DEBUG:root:Final rewards:[-1.0]
DEBUG:root:[[(BaseState(player_sum=12, dealer_card=11, usible_ace=False, splitable=False, can_double=True), <Action.Hit: 1>), (BaseState(player_sum=13, dealer_card=11, usible_ace=False, splitable=False, can_double=False), <Action.Hit: 1>)]]
DEBUG:root:[-1.0]
DEBUG:root:Dealer's hand: [6, 7, 10]
DEBUG:root:Player's hand 0, [2, 1, 4, 10]
DEBUG:root:Final rewards:[1.0]
DEBUG:root:[[(BaseState(player_sum=13, dealer_card=7, usible_ace=True, splitable=False, can_double=True), <Action.Hit: 1>), (BaseState(player_sum=17, dealer_card=7, usible_ace=True, splitable=False, can_double=False), <Action.Hit: 1>), (BaseState(player_sum=17, dealer_card=7, usible_ace=False, splitable=False, can_double=False), <Action.Stand: 0>)]]
DEBUG:root:[1.0]
DEBUG:root:Dealer's hand: [9, 9]
DEBUG:root:Player's hand 0, [1, 9, 3]
DEBUG:root:Final rewards:[-2.0]
DEBUG:root:[[(BaseState(player_sum=20, dealer_card=9, usible_ace=True, splitable=False, can_double=True), <Action.Double: 2>)]]
DEBUG:root:[-2.0]
DEBUG:root:Dealer's hand: [10, 8]
DEBUG:root:Player's hand 0, [10, 6]
DEBUG:root:Final rewards:[-1.0]
DEBUG:root:[[(BaseState(player_sum=16, dealer_card=8, usible_ace=False, splitable=False, can_double=True), <Action.Stand: 0>)]]
DEBUG:root:[-1.0]
DEBUG:root:Dealer's hand: [6, 10, 8]
DEBUG:root:Player's hand 0, [7, 7]
DEBUG:root:Final rewards:[1.0]
DEBUG:root:[[(BaseState(player_sum=14, dealer_card=10, usible_ace=False, splitable=True, can_double=True), <Action.Stand: 0>)]]
DEBUG:root:[1.0]
DEBUG:root:Deck is empty, refill cards
DEBUG:root:Dealer's hand: [3, 10, 5]
DEBUG:root:Player's hand 0, [2, 5, 3, 7]
DEBUG:root:Final rewards:[-1.0]
DEBUG:root:[[(BaseState(player_sum=7, dealer_card=10, usible_ace=False, splitable=False, can_double=True), <Action.Hit: 1>), (BaseState(player_sum=10, dealer_card=10, usible_ace=False, splitable=False, can_double=False), <Action.Hit: 1>), (BaseState(player_sum=17, dealer_card=10, usible_ace=False, splitable=False, can_double=False), <Action.Stand: 0>)]]
DEBUG:root:[-1.0]
DEBUG:root:Dealer's hand: [1, 8]
DEBUG:root:Player's hand 0, [8, 3, 3]
DEBUG:root:Final rewards:[-2.0]
DEBUG:root:[[(BaseState(player_sum=11, dealer_card=8, usible_ace=False, splitable=False, can_double=True), <Action.Double: 2>)]]
DEBUG:root:[-2.0]
DEBUG:root:Dealer's hand: [7, 4, 2, 5]
DEBUG:root:Player's hand 0, [8, 4]
DEBUG:root:Final rewards:[-1.0]
DEBUG:root:[[(BaseState(player_sum=12, dealer_card=4, usible_ace=False, splitable=False, can_double=True), <Action.Stand: 0>)]]
DEBUG:root:[-1.0]
DEBUG:root:Dealer's hand: [5, 1, 8, 2, 10]
DEBUG:root:Player's hand 0, [9, 6, 7]
DEBUG:root:Final rewards:[-1.0]
DEBUG:root:[[(BaseState(player_sum=15, dealer_card=11, usible_ace=False, splitable=False, can_double=True), <Action.Hit: 1>)]]
DEBUG:root:[-1.0]
DEBUG:root:Dealer's hand: [6, 6, 7]
DEBUG:root:Player's hand 0, [3, 2, 7]
DEBUG:root:Final rewards:[-1.0]
DEBUG:root:[[(BaseState(player_sum=5, dealer_card=6, usible_ace=False, splitable=False, can_double=True), <Action.Hit: 1>), (BaseState(player_sum=12, dealer_card=6, usible_ace=False, splitable=False, can_double=False), <Action.Stand: 0>)]]
DEBUG:root:[-1.0]
DEBUG:root:Dealer's hand: [3, 9, 7]
DEBUG:root:Player's hand 0, [7, 9]
DEBUG:root:Final rewards:[-1.0]
DEBUG:root:[[(BaseState(player_sum=16, dealer_card=9, usible_ace=False, splitable=False, can_double=True), <Action.Stand: 0>)]]
DEBUG:root:[-1.0]
DEBUG:root:Dealer's hand: [5, 1, 10, 10]
DEBUG:root:Player's hand 0, [10, 3, 8]
DEBUG:root:Final rewards:[1.0]
DEBUG:root:[[(BaseState(player_sum=13, dealer_card=11, usible_ace=False, splitable=False, can_double=True), <Action.Hit: 1>), (BaseState(player_sum=21, dealer_card=11, usible_ace=False, splitable=False, can_double=False), <Action.Stand: 0>)]]
DEBUG:root:[1.0]
DEBUG:root:Dealer's hand: [1, 2, 10, 2, 10]
DEBUG:root:Player's hand 0, [2, 4, 10]
DEBUG:root:Final rewards:[1.0]
DEBUG:root:[[(BaseState(player_sum=6, dealer_card=2, usible_ace=False, splitable=False, can_double=True), <Action.Hit: 1>), (BaseState(player_sum=16, dealer_card=2, usible_ace=False, splitable=False, can_double=False), <Action.Stand: 0>)]]
DEBUG:root:[1.0]
DEBUG:root:Dealer's hand: [7, 4, 10]
DEBUG:root:Player's hand 0, [5, 7]
DEBUG:root:Final rewards:[-1.0]
DEBUG:root:[[(BaseState(player_sum=12, dealer_card=4, usible_ace=False, splitable=False, can_double=True), <Action.Stand: 0>)]]
DEBUG:root:[-1.0]
DEBUG:root:Dealer's hand: [10, 5, 3]
DEBUG:root:Player's hand 0, [9, 10]
DEBUG:root:Final rewards:[1.0]
DEBUG:root:[[(BaseState(player_sum=19, dealer_card=5, usible_ace=False, splitable=False, can_double=True), <Action.Stand: 0>)]]
DEBUG:root:[1.0]
DEBUG:root:Deck is empty, refill cards
DEBUG:root:Dealer's hand: [2, 2, 8, 1, 10]
DEBUG:root:Player's hand 0, [6, 1, 4]
DEBUG:root:Final rewards:[1.0]
DEBUG:root:[[(BaseState(player_sum=17, dealer_card=2, usible_ace=True, splitable=False, can_double=True), <Action.Hit: 1>), (BaseState(player_sum=21, dealer_card=2, usible_ace=True, splitable=False, can_double=False), <Action.Stand: 0>)]]
DEBUG:root:[1.0]
DEBUG:root:Dealer's hand: [7, 10]
DEBUG:root:Player's hand 0, [10, 6]
DEBUG:root:Final rewards:[-1.0]
DEBUG:root:[[(BaseState(player_sum=16, dealer_card=10, usible_ace=False, splitable=False, can_double=True), <Action.Stand: 0>)]]
DEBUG:root:[-1.0]
DEBUG:root:Dealer's hand: [3, 5, 10]
DEBUG:root:Player's hand 0, [5, 6, 8]
DEBUG:root:Final rewards:[2.0]
DEBUG:root:[[(BaseState(player_sum=11, dealer_card=5, usible_ace=False, splitable=False, can_double=True), <Action.Double: 2>)]]
DEBUG:root:[2.0]
DEBUG:root:Dealer's hand: [7, 2, 7, 10]
DEBUG:root:Player's hand 0, [1, 9]
DEBUG:root:Final rewards:[1.0]
DEBUG:root:[[(BaseState(player_sum=20, dealer_card=2, usible_ace=True, splitable=False, can_double=True), <Action.Stand: 0>)]]
DEBUG:root:[1.0]
DEBUG:root:Dealer's hand: [9, 3, 4, 6]
DEBUG:root:Player's hand 0, [6, 3, 4, 9]
DEBUG:root:Final rewards:[-1.0]
DEBUG:root:[[(BaseState(player_sum=9, dealer_card=3, usible_ace=False, splitable=False, can_double=True), <Action.Hit: 1>), (BaseState(player_sum=13, dealer_card=3, usible_ace=False, splitable=False, can_double=False), <Action.Hit: 1>)]]
DEBUG:root:[-1.0]
DEBUG:root:Dealer's hand: [4, 6, 5, 10]
DEBUG:root:Player's hand 0, [1, 8, 2]
DEBUG:root:Final rewards:[2.0]
DEBUG:root:[[(BaseState(player_sum=19, dealer_card=6, usible_ace=True, splitable=False, can_double=True), <Action.Double: 2>)]]
DEBUG:root:[2.0]
DEBUG:root:Dealer's hand: [8, 8, 2]
DEBUG:root:Player's hand 0, [4, 5, 10]
DEBUG:root:Final rewards:[2.0]
DEBUG:root:[[(BaseState(player_sum=9, dealer_card=8, usible_ace=False, splitable=False, can_double=True), <Action.Double: 2>)]]
DEBUG:root:[2.0]
DEBUG:root:Dealer's hand: [1, 2, 7]
DEBUG:root:Player's hand 0, [3, 2, 9]
DEBUG:root:Final rewards:[-1.0]
DEBUG:root:[[(BaseState(player_sum=5, dealer_card=2, usible_ace=False, splitable=False, can_double=True), <Action.Hit: 1>), (BaseState(player_sum=14, dealer_card=2, usible_ace=False, splitable=False, can_double=False), <Action.Stand: 0>)]]
DEBUG:root:[-1.0]
DEBUG:root:Dealer's hand: [10, 5, 9]
DEBUG:root:Player's hand 0, [4, 7, 9]
DEBUG:root:Final rewards:[2.0]
DEBUG:root:[[(BaseState(player_sum=11, dealer_card=5, usible_ace=False, splitable=False, can_double=True), <Action.Double: 2>)]]
DEBUG:root:[2.0]
DEBUG:root:Dealer's hand: [8, 9]
DEBUG:root:Player's hand 0, [4, 10]
DEBUG:root:Final rewards:[-1.0]
DEBUG:root:[[(BaseState(player_sum=14, dealer_card=9, usible_ace=False, splitable=False, can_double=True), <Action.Stand: 0>)]]
DEBUG:root:[-1.0]
DEBUG:root:Deck is empty, refill cards
DEBUG:root:Dealer's hand: [1, 10]
DEBUG:root:Player's hand 0, [9, 6]
DEBUG:root:Final rewards:[-1.0]
DEBUG:root:[[(BaseState(player_sum=15, dealer_card=10, usible_ace=False, splitable=False, can_double=True), <Action.Stand: 0>)]]
DEBUG:root:[-1.0]
DEBUG:root:Dealer's hand: [6, 5, 2, 10]
DEBUG:root:Player's hand 0, [3, 9, 9]
DEBUG:root:Final rewards:[1.0]
DEBUG:root:[[(BaseState(player_sum=12, dealer_card=5, usible_ace=False, splitable=False, can_double=True), <Action.Hit: 1>), (BaseState(player_sum=21, dealer_card=5, usible_ace=False, splitable=False, can_double=False), <Action.Stand: 0>)]]
DEBUG:root:[1.0]
DEBUG:root:Dealer's hand: [5, 8, 4]
DEBUG:root:Player's hand 0, [7, 3, 5]
DEBUG:root:Player's hand 1, [7, 10]
DEBUG:root:Final rewards:[-2.0, 0.0]
DEBUG:root:[[(BaseState(player_sum=14, dealer_card=8, usible_ace=False, splitable=True, can_double=True), <Action.Split: 3>), (BaseState(player_sum=10, dealer_card=8, usible_ace=False, splitable=False, can_double=True), <Action.Double: 2>)], [(BaseState(player_sum=14, dealer_card=8, usible_ace=False, splitable=True, can_double=True), <Action.Split: 3>), (BaseState(player_sum=17, dealer_card=8, usible_ace=False, splitable=False, can_double=True), <Action.Stand: 0>)]]
DEBUG:root:[-2.0, 0.0]
DEBUG:root:Dealer's hand: [5, 2, 7, 10]
DEBUG:root:Player's hand 0, [4, 3, 5, 10]
DEBUG:root:Final rewards:[-1.0]
DEBUG:root:[[(BaseState(player_sum=7, dealer_card=2, usible_ace=False, splitable=False, can_double=True), <Action.Hit: 1>), (BaseState(player_sum=12, dealer_card=2, usible_ace=False, splitable=False, can_double=False), <Action.Hit: 1>)]]
DEBUG:root:[-1.0]
DEBUG:root:Dealer's hand: [2, 3, 1, 9, 4]
DEBUG:root:Player's hand 0, [1, 4, 7]
DEBUG:root:Final rewards:[-2.0]
DEBUG:root:[[(BaseState(player_sum=15, dealer_card=3, usible_ace=True, splitable=False, can_double=True), <Action.Double: 2>)]]
DEBUG:root:[-2.0]
DEBUG:root:Dealer's hand: [1, 1, 7]
DEBUG:root:Player's hand 0, [7, 2, 4, 10]
DEBUG:root:Final rewards:[-1.0]
DEBUG:root:[[(BaseState(player_sum=9, dealer_card=11, usible_ace=False, splitable=False, can_double=True), <Action.Hit: 1>), (BaseState(player_sum=13, dealer_card=11, usible_ace=False, splitable=False, can_double=False), <Action.Hit: 1>)]]
DEBUG:root:[-1.0]
DEBUG:root:Dealer's hand: [5, 10, 8]
DEBUG:root:Player's hand 0, [10, 9]
DEBUG:root:Final rewards:[1.0]
DEBUG:root:[[(BaseState(player_sum=19, dealer_card=10, usible_ace=False, splitable=False, can_double=True), <Action.Stand: 0>)]]
DEBUG:root:[1.0]
DEBUG:root:Dealer's hand: [4, 9, 9]
DEBUG:root:Player's hand 0, [2, 6]
DEBUG:root:Final rewards:[1.0]
DEBUG:root:[[(BaseState(player_sum=8, dealer_card=9, usible_ace=False, splitable=False, can_double=True), <Action.Stand: 0>)]]
DEBUG:root:[1.0]
DEBUG:root:Dealer's hand: [7, 6, 9]
DEBUG:root:Player's hand 0, [9, 8]
DEBUG:root:Final rewards:[1.0]
DEBUG:root:[[(BaseState(player_sum=17, dealer_card=6, usible_ace=False, splitable=False, can_double=True), <Action.Stand: 0>)]]
DEBUG:root:[1.0]
DEBUG:root:Dealer's hand: [10, 4, 10]
DEBUG:root:Player's hand 0, [8, 8]
DEBUG:root:Final rewards:[1.0]
DEBUG:root:[[(BaseState(player_sum=16, dealer_card=4, usible_ace=False, splitable=True, can_double=True), <Action.Stand: 0>)]]
DEBUG:root:[1.0]
DEBUG:root:Deck is empty, refill cards
DEBUG:root:Dealer's hand: [2, 6, 1]
DEBUG:root:Player's hand 0, [1, 10]
DEBUG:root:Final rewards:[1.5]
DEBUG:root:[[]]
DEBUG:root:[1.5]
DEBUG:root:Dealer's hand: [8, 9]
DEBUG:root:Player's hand 0, [2, 3]
DEBUG:root:Final rewards:[-1.0]
DEBUG:root:[[(BaseState(player_sum=5, dealer_card=9, usible_ace=False, splitable=False, can_double=True), <Action.Stand: 0>)]]
DEBUG:root:[-1.0]
DEBUG:root:Dealer's hand: [1, 2, 7]
DEBUG:root:Player's hand 0, [8, 5, 3]
DEBUG:root:Final rewards:[-1.0]
DEBUG:root:[[(BaseState(player_sum=13, dealer_card=2, usible_ace=False, splitable=False, can_double=True), <Action.Hit: 1>), (BaseState(player_sum=16, dealer_card=2, usible_ace=False, splitable=False, can_double=False), <Action.Stand: 0>)]]
DEBUG:root:[-1.0]
DEBUG:root:Dealer's hand: [9, 9]
DEBUG:root:Player's hand 0, [6, 3, 1]
DEBUG:root:Final rewards:[2.0]
DEBUG:root:[[(BaseState(player_sum=9, dealer_card=9, usible_ace=False, splitable=False, can_double=True), <Action.Double: 2>)]]
DEBUG:root:[2.0]
DEBUG:root:Dealer's hand: [3, 4, 10]
DEBUG:root:Player's hand 0, [5, 6, 10]
DEBUG:root:Final rewards:[2.0]
DEBUG:root:[[(BaseState(player_sum=11, dealer_card=4, usible_ace=False, splitable=False, can_double=True), <Action.Double: 2>)]]
DEBUG:root:[2.0]
DEBUG:root:Dealer's hand: [6, 3, 10]
DEBUG:root:Player's hand 0, [5, 8]
DEBUG:root:Final rewards:[-1.0]
DEBUG:root:[[(BaseState(player_sum=13, dealer_card=3, usible_ace=False, splitable=False, can_double=True), <Action.Stand: 0>)]]
DEBUG:root:[-1.0]
DEBUG:root:Dealer's hand: [1, 10]
DEBUG:root:Player's hand 0, [8, 7]
DEBUG:root:Final rewards:[-1.0]
DEBUG:root:[[(BaseState(player_sum=15, dealer_card=10, usible_ace=False, splitable=False, can_double=True), <Action.Stand: 0>)]]
DEBUG:root:[-1.0]
DEBUG:root:Dealer's hand: [7, 4, 10]
DEBUG:root:Player's hand 0, [4, 7, 6]
DEBUG:root:Final rewards:[-2.0]
DEBUG:root:[[(BaseState(player_sum=11, dealer_card=4, usible_ace=False, splitable=False, can_double=True), <Action.Double: 2>)]]
DEBUG:root:[-2.0]
DEBUG:root:Dealer's hand: [10, 7]
DEBUG:root:Player's hand 0, [4, 1, 9, 7]
DEBUG:root:Final rewards:[1.0]
DEBUG:root:[[(BaseState(player_sum=15, dealer_card=7, usible_ace=True, splitable=False, can_double=True), <Action.Hit: 1>), (BaseState(player_sum=14, dealer_card=7, usible_ace=False, splitable=False, can_double=False), <Action.Hit: 1>), (BaseState(player_sum=21, dealer_card=7, usible_ace=False, splitable=False, can_double=False), <Action.Stand: 0>)]]
DEBUG:root:[1.0]
DEBUG:root:Deck is empty, refill cards
DEBUG:root:Dealer's hand: [10, 1]
DEBUG:root:Player's hand 0, [9, 2, 2, 9]
DEBUG:root:Final rewards:[-1.0]
DEBUG:root:[[(BaseState(player_sum=11, dealer_card=11, usible_ace=False, splitable=False, can_double=True), <Action.Hit: 1>), (BaseState(player_sum=13, dealer_card=11, usible_ace=False, splitable=False, can_double=False), <Action.Hit: 1>)]]
DEBUG:root:[-1.0]
DEBUG:root:Dealer's hand: [10, 2, 3, 7]
DEBUG:root:Player's hand 0, [9, 7]
DEBUG:root:Final rewards:[1.0]
DEBUG:root:[[(BaseState(player_sum=16, dealer_card=2, usible_ace=False, splitable=False, can_double=True), <Action.Stand: 0>)]]
DEBUG:root:[1.0]
DEBUG:root:Dealer's hand: [7, 9, 6]
DEBUG:root:Player's hand 0, [6, 3, 10]
DEBUG:root:Final rewards:[2.0]
DEBUG:root:[[(BaseState(player_sum=9, dealer_card=9, usible_ace=False, splitable=False, can_double=True), <Action.Double: 2>)]]
DEBUG:root:[2.0]
DEBUG:root:Dealer's hand: [2, 8, 4, 10]
DEBUG:root:Player's hand 0, [4, 8, 10]
DEBUG:root:Final rewards:[-1.0]
DEBUG:root:[[(BaseState(player_sum=12, dealer_card=8, usible_ace=False, splitable=False, can_double=True), <Action.Hit: 1>)]]
DEBUG:root:[-1.0]
DEBUG:root:Dealer's hand: [5, 10, 10]
DEBUG:root:Player's hand 0, [5, 7, 8]
DEBUG:root:Final rewards:[1.0]
DEBUG:root:[[(BaseState(player_sum=12, dealer_card=10, usible_ace=False, splitable=False, can_double=True), <Action.Hit: 1>), (BaseState(player_sum=20, dealer_card=10, usible_ace=False, splitable=False, can_double=False), <Action.Stand: 0>)]]
DEBUG:root:[1.0]
DEBUG:root:Dealer's hand: [8, 1]
DEBUG:root:Player's hand 0, [8, 9]
DEBUG:root:Final rewards:[-1.0]
DEBUG:root:[[(BaseState(player_sum=17, dealer_card=11, usible_ace=False, splitable=False, can_double=True), <Action.Stand: 0>)]]
DEBUG:root:[-1.0]
DEBUG:root:Dealer's hand: [10, 7]
DEBUG:root:Player's hand 0, [2, 1, 5]
DEBUG:root:Final rewards:[1.0]
DEBUG:root:[[(BaseState(player_sum=13, dealer_card=7, usible_ace=True, splitable=False, can_double=True), <Action.Hit: 1>), (BaseState(player_sum=18, dealer_card=7, usible_ace=True, splitable=False, can_double=False), <Action.Stand: 0>)]]
DEBUG:root:[1.0]
DEBUG:root:Dealer's hand: [4, 3, 7, 10]
DEBUG:root:Player's hand 0, [1, 9]
DEBUG:root:Final rewards:[1.0]
DEBUG:root:[[(BaseState(player_sum=20, dealer_card=3, usible_ace=True, splitable=False, can_double=True), <Action.Stand: 0>)]]
DEBUG:root:[1.0]
DEBUG:root:Dealer's hand: [6, 4, 7]
DEBUG:root:Player's hand 0, [10, 6]
DEBUG:root:Final rewards:[-1.0]
DEBUG:root:[[(BaseState(player_sum=16, dealer_card=4, usible_ace=False, splitable=False, can_double=True), <Action.Stand: 0>)]]
DEBUG:root:[-1.0]
DEBUG:root:Dealer's hand: [2, 6, 10]
DEBUG:root:Player's hand 0, [5, 3, 6]
DEBUG:root:Final rewards:[-1.0]
DEBUG:root:[[(BaseState(player_sum=8, dealer_card=6, usible_ace=False, splitable=False, can_double=True), <Action.Hit: 1>), (BaseState(player_sum=14, dealer_card=6, usible_ace=False, splitable=False, can_double=False), <Action.Stand: 0>)]]
DEBUG:root:[-1.0]
DEBUG:root:Deck is empty, refill cards
DEBUG:root:Dealer's hand: [3, 7, 3, 9]
DEBUG:root:Player's hand 0, [4, 10]
DEBUG:root:Final rewards:[1.0]
DEBUG:root:[[(BaseState(player_sum=14, dealer_card=7, usible_ace=False, splitable=False, can_double=True), <Action.Stand: 0>)]]
DEBUG:root:[1.0]
DEBUG:root:Dealer's hand: [3, 5, 2, 8]
DEBUG:root:Player's hand 0, [1, 10]
DEBUG:root:Final rewards:[1.5]
DEBUG:root:[[]]
DEBUG:root:[1.5]
DEBUG:root:Dealer's hand: [7, 6, 9]
DEBUG:root:Player's hand 0, [3, 2, 5]
DEBUG:root:Final rewards:[1.0]
DEBUG:root:[[(BaseState(player_sum=5, dealer_card=6, usible_ace=False, splitable=False, can_double=True), <Action.Hit: 1>), (BaseState(player_sum=10, dealer_card=6, usible_ace=False, splitable=False, can_double=False), <Action.Stand: 0>)]]
DEBUG:root:[1.0]
INFO:root:Test finish with avg_rewards: -0.10784313725490197, win_rate: 0.3627450980392157,                  black_jack_rate:0.058823529411764705, draw_rate:0.00980392156862745, loss_rate:0.5686274509803921
INFO:root:Test finish with avg_rewards: -0.06287865933141157, win_rate: 0.3794699823745943,                  black_jack_rate:0.04057276193147768, draw_rate:0.06027849514148875, loss_rate:0.5196787605524392
INFO:root:Test finish with avg_rewards: -0.048195676581748025, win_rate: 0.377773297278492,                  black_jack_rate:0.045883936619384225, draw_rate:0.07563214573746382, loss_rate:0.50071062036466
INFO:root:Test finish with avg_rewards: -0.04650701511708329, win_rate: 0.3780950498962553,                  black_jack_rate:0.04604979745084478, draw_rate:0.07558788657247308, loss_rate:0.5002672660804268
INFO:root:Test finish with avg_rewards: -0.047418494238852985, win_rate: 0.37809851678340267,                  black_jack_rate:0.045842945127211675, draw_rate:0.07571809694222251, loss_rate:0.5003404411471631
INFO:root:Test finish with avg_rewards: -0.04366717154308558, win_rate: 0.37896692634013895,                  black_jack_rate:0.04572625707064411, draw_rate:0.07617084859916144, loss_rate:0.4991359679900555
INFO:root:Test finish with avg_rewards: -0.044694171785199376, win_rate: 0.3798115853297257,                  black_jack_rate:0.04457567199257401, draw_rate:0.07538561807516837, loss_rate:0.5002271246025319
INFO:root:Test finish with avg_rewards: -0.03943765015274798, win_rate: 0.3828586117235311,                  black_jack_rate:0.045033466143335935, draw_rate:0.07397154636321393, loss_rate:0.49813637576991904
INFO:root:Test finish with avg_rewards: -0.03954779927663696, win_rate: 0.3807933276676483,                  black_jack_rate:0.046178627191335454, draw_rate:0.07602229381188608, loss_rate:0.49700575132913016
INFO:root:Test finish with avg_rewards: -0.044185495104770746, win_rate: 0.3792394858774365,                  black_jack_rate:0.04456585095978107, draw_rate:0.0775135594392468, loss_rate:0.49868110372353563
INFO:root:Test finish with avg_rewards: -0.03987899877417059, win_rate: 0.37872197398078217,                  black_jack_rate:0.046808889240381193, draw_rate:0.07508205148483531, loss_rate:0.49938708529400133
INFO:root:Test finish with avg_rewards: -0.044524472899006066, win_rate: 0.3791570336119509,                  black_jack_rate:0.04607070168158555, draw_rate:0.07537494812970538, loss_rate:0.4993973165767582
INFO:root:Test finish with avg_rewards: -0.04841785911929797, win_rate: 0.37693691200885443,                  black_jack_rate:0.04543837457506522, draw_rate:0.07630049806308799, loss_rate:0.5013242153529923
INFO:root:Test finish with avg_rewards: -0.06741999902586333, win_rate: 0.37152598509570894,                  black_jack_rate:0.04499537285081097, draw_rate:0.06129267936291462, loss_rate:0.5221859626905655
INFO:root:Test finish with avg_rewards: -0.06574540994139522, win_rate: 0.3722084850372851,                  black_jack_rate:0.04419695878195518, draw_rate:0.06121376141430268, loss_rate:0.522380794766457
INFO:root:Test finish with avg_rewards: -0.0486089357036573, double_win_rate:0.02054781110501997, double_loss_rate:0.014272848304487431, win_rate: 0.35603806092881196, black_jack_rate:0.04573576630902968, draw_rate:0.07655258829978855, loss_rate:0.48643198371054897
INFO:root:Test finish with avg_rewards: -0.08103072213147625, double_win_rate:0.027103160242177644, double_loss_rate:0.02255499369125285, win_rate: 0.339244319682313, black_jack_rate:0.04532516945588278, draw_rate:0.06589461947006524, loss_rate:0.4988702941147703
